127.0.0.1 - - [13/Feb/2024:14:36:45 +0900] "GET / HTTP/1.1" 404 807
0:0:0:0:0:0:0:1 - - [13/Feb/2024:14:36:45 +0900] "GET /webTest2/test1.html HTTP/1.1" 200 130
0:0:0:0:0:0:0:1 - - [13/Feb/2024:14:36:45 +0900] "GET /favicon.ico HTTP/1.1" 404 818
0:0:0:0:0:0:0:1 - - [13/Feb/2024:14:38:08 +0900] "GET /webTest2/test2.html HTTP/1.1" 200 132
127.0.0.1 - - [13/Feb/2024:14:38:09 +0900] "GET / HTTP/1.1" 404 807
0:0:0:0:0:0:0:1 - - [13/Feb/2024:14:38:13 +0900] "GET /webTest2/test2.html HTTP/1.1" 304 -
0:0:0:0:0:0:0:1 - - [13/Feb/2024:14:45:33 +0900] "GET /C:/Users/Administrator/eclipse-workspace/webTest2/src/main/webapp/test2.html HTTP/1.1" 404 915
0:0:0:0:0:0:0:1 - - [13/Feb/2024:14:50:48 +0900] "GET /webTest2/test2.html HTTP/1.1" 304 -
127.0.0.1 - - [13/Feb/2024:15:24:21 +0900] "GET / HTTP/1.1" 404 807
0:0:0:0:0:0:0:1 - - [13/Feb/2024:15:24:34 +0900] "GET /webTest2/test1.html HTTP/1.1" 304 -
127.0.0.1 - - [13/Feb/2024:15:41:32 +0900] "GET / HTTP/1.1" 404 807
0:0:0:0:0:0:0:1 - - [13/Feb/2024:15:42:24 +0900] "GET /webTest2/aa HTTP/1.1" 404 822
0:0:0:0:0:0:0:1 - - [13/Feb/2024:15:43:06 +0900] "GET /webTest2/aa HTTP/1.1" 404 822
0:0:0:0:0:0:0:1 - - [13/Feb/2024:15:43:06 +0900] "GET /webTest2/aa HTTP/1.1" 404 822
0:0:0:0:0:0:0:1 - - [13/Feb/2024:15:43:12 +0900] "GET /webTest2/aa HTTP/1.1" 404 822
0:0:0:0:0:0:0:1 - - [13/Feb/2024:15:43:12 +0900] "GET /webTest2/aa HTTP/1.1" 404 822
127.0.0.1 - - [13/Feb/2024:15:43:32 +0900] "GET / HTTP/1.1" 404 807
127.0.0.1 - - [13/Feb/2024:15:44:24 +0900] "GET / HTTP/1.1" 404 807
0:0:0:0:0:0:0:1 - - [13/Feb/2024:15:44:33 +0900] "GET /webTest2/aa HTTP/1.1" 200 -
127.0.0.1 - - [13/Feb/2024:16:00:09 +0900] "GET / HTTP/1.1" 404 807
0:0:0:0:0:0:0:1 - - [13/Feb/2024:16:00:22 +0900] "GET /webTest3/one HTTP/1.1" 200 -
0:0:0:0:0:0:0:1 - - [13/Feb/2024:16:06:19 +0900] "GET /webTest3/one HTTP/1.1" 200 -
127.0.0.1 - - [13/Feb/2024:16:07:04 +0900] "GET / HTTP/1.1" 404 807
0:0:0:0:0:0:0:1 - - [13/Feb/2024:16:07:08 +0900] "GET /webTest3/one HTTP/1.1" 200 -
0:0:0:0:0:0:0:1 - - [13/Feb/2024:16:07:14 +0900] "GET /webTest3/one HTTP/1.1" 200 -
0:0:0:0:0:0:0:1 - - [13/Feb/2024:16:07:14 +0900] "GET /webTest3/one HTTP/1.1" 200 -
127.0.0.1 - - [13/Feb/2024:16:10:34 +0900] "GET / HTTP/1.1" 404 807
0:0:0:0:0:0:0:1 - - [13/Feb/2024:16:10:43 +0900] "GET /webTest4/second HTTP/1.1" 200 -
0:0:0:0:0:0:0:1 - - [13/Feb/2024:16:10:49 +0900] "GET /webTest4/second HTTP/1.1" 200 -
0:0:0:0:0:0:0:1 - - [13/Feb/2024:16:10:50 +0900] "GET /webTest4/second HTTP/1.1" 200 -
127.0.0.1 - - [13/Feb/2024:16:29:35 +0900] "GET / HTTP/1.1" 404 807
0:0:0:0:0:0:0:1 - - [13/Feb/2024:16:29:52 +0900] "GET /webTest3/first.jsp HTTP/1.1" 404 814
127.0.0.1 - - [13/Feb/2024:16:30:17 +0900] "GET / HTTP/1.1" 404 807
0:0:0:0:0:0:0:1 - - [13/Feb/2024:16:30:23 +0900] "GET /webTest3/first.jsp HTTP/1.1" 200 141
127.0.0.1 - - [13/Feb/2024:16:32:00 +0900] "GET / HTTP/1.1" 404 807
127.0.0.1 - - [13/Feb/2024:16:32:18 +0900] "GET / HTTP/1.1" 404 807
0:0:0:0:0:0:0:1 - - [13/Feb/2024:16:32:23 +0900] "GET /webTest4/second.jsp HTTP/1.1" 200 203
0:0:0:0:0:0:0:1 - - [13/Feb/2024:16:34:08 +0900] "GET /webTest4/second.jsp HTTP/1.1" 200 203
127.0.0.1 - - [13/Feb/2024:16:34:18 +0900] "GET / HTTP/1.1" 404 807
0:0:0:0:0:0:0:1 - - [13/Feb/2024:16:34:24 +0900] "GET /webTest4/second.jsp HTTP/1.1" 200 203
0:0:0:0:0:0:0:1 - - [13/Feb/2024:16:34:48 +0900] "GET /webTest4/second.css HTTP/1.1" 200 54
0:0:0:0:0:0:0:1 - - [13/Feb/2024:16:34:57 +0900] "GET /webTest4/second.jsp HTTP/1.1" 200 203
0:0:0:0:0:0:0:1 - - [13/Feb/2024:16:36:32 +0900] "GET /webTest4/second.html HTTP/1.1" 200 144
0:0:0:0:0:0:0:1 - - [13/Feb/2024:16:42:05 +0900] "GET /webTest4/se HTTP/1.1" 404 822
127.0.0.1 - - [13/Feb/2024:16:42:13 +0900] "GET / HTTP/1.1" 404 807
0:0:0:0:0:0:0:1 - - [13/Feb/2024:16:42:22 +0900] "GET /webTest4/se HTTP/1.1" 200 -
